{
    "@@locale": "en",
    "testPlural": "",
    "@testPlural": {
        "placeholders": {
            "count": {
                "type": "num",
                "format": "decimalPattern"
            }
        }
    }
}
