{
    "@@locale": "en",
    "noAttrs": "Foobar",
    "@noAttrs": {},
    "attrs": "Foo {bar}",
    "@attrs": {
        "placeholders": {
            "bar": {
                "type": "Object"
            }
        }
    }
}
