{
    "@@locale": "en",
    "nonEmpty": "Foo bar"
}
