{
    "@@locale": "en",
    "textWithNamedPlaceholder": "This is {text}.",
    "@textWithNamedPlaceholder": {
        "placeholders": {
            "text": {
                "type": "Object"
            }
        }
    }
}
