{
    "@@locale": "en",
    "justText": "This is text"
}
