{
    "@@locale": "en",
    "textWithPositionalPlaceholder": "This is {}.",
    "@textWithPositionalPlaceholder": {}
}
