{
    "@@locale": "en",
    "textWithPositionalPlaceholder": "This is {pos0}.",
    "@textWithPositionalPlaceholder": {
        "placeholders": {
            "pos0": {
                "type": "Object"
            }
        }
    }
}
