{
    "@@locale": "en",
    "textWithDoubleQuotes": "Those are some \"quotes\".",
    "@textWithDoubleQuotes": {}
}
