{
    "@@locale": "en",
    "textWithRepeatedNamedPlaceholder": "So {something} is the same thing as {something}.",
    "@textWithRepeatedNamedPlaceholder": {
        "placeholders": {
            "something": {
                "type": "Object"
            }
        }
    }
}
