{
    "@@locale": "en",
    "attrs": "Foo {bar}",
    "@attrs": {
        "placeholders": {
            "bar": {
                "type": "String"
            }
        }
    },
    "noAttrs": "Foobar",
    "@noAttrs": {}
}
