{
    "@@locale": "en",
    "textWithPositionalPlaceholder": "This is {}."
}
