{
    "@@locale": "en",
    "textWithNamedPlaceholder": "This is {text}."
}
